// Jest Snapshot v1, https://goo.gl/fbAQLP

exports[`AssetsState Should render 1`] = `
"<div class="v-table v-table--has-top v-table--has-bottom v-theme--light v-table--density-default v-data-table h-100" data-testid="assets-state-data-table">
  <div flat="">
    <div class="ms-3" size="large">mdi-finance</div>
    <div>Test Assets State</div>
  </div>
  <div class="v-table__wrapper">
    <table>
      <!---->
      <thead>
        <tr>
          <th class="v-data-table__td v-data-table-column--align-start v-data-table__th--sortable v-data-table__th v-data-table__th--sticky" style="min-width: 200px; position: sticky;" colspan="1" rowspan="1">
            <div class="v-data-table-header__content"><span>assets.1</span>
              <div class="v-data-table-header__sort-icon" icon="mdi-triangle-small-up"></div>
              <!---->
            </div>
          </th>
          <th class="v-data-table__td v-data-table-column--align-end v-data-table__th--sortable v-data-table__th v-data-table__th--sticky" style="width: 90px; max-width: 130px; position: sticky;" colspan="1" rowspan="1">
            <div class="v-data-table-header__content"><span>assets.amount</span>
              <div class="v-data-table-header__sort-icon" icon="mdi-triangle-small-up"></div>
              <!---->
            </div>
          </th>
          <th class="v-data-table__td v-data-table-column--align-end v-data-table__th--sortable v-data-table__th v-data-table__th--sticky" style="width: 90px; max-width: 120px; position: sticky;" colspan="1" rowspan="1">
            <div class="v-data-table-header__content"><span>assets.prev_change</span>
              <div class="v-data-table-header__sort-icon" icon="mdi-triangle-small-up"></div>
              <!---->
            </div>
          </th>
        </tr>
        <!---->
      </thead>
      <!---->
      <tbody>
        <!---->
        <tr class="v-data-table__tr">
          <td class="v-data-table__td v-data-table-column--align-start">Asset 1 (A1)</td>
          <td class="v-data-table__td v-data-table-column--align-end" style="width: 90px; max-width: 130px;">$ 100</td>
          <td class="v-data-table__td v-data-table-column--align-end" style="width: 90px; max-width: 120px;">
            <div><span class="me-n1">25%</span>
              <!--v-if-->
              <div color="success" icon="mdi-triangle-small-up"></div>
            </div>
          </td>
        </tr>
        <!---->
        <tr class="v-data-table__tr">
          <td class="v-data-table__td v-data-table-column--align-start">Asset 2 (A2)</td>
          <td class="v-data-table__td v-data-table-column--align-end" style="width: 90px; max-width: 130px;">$ 200</td>
          <td class="v-data-table__td v-data-table-column--align-end" style="width: 90px; max-width: 120px;">
            <div><span class="me-n1">-25%</span>
              <div color="error" icon="mdi-triangle-small-down"></div>
              <!--v-if-->
            </div>
          </td>
        </tr>
        <!---->
        <tr class="v-data-table__tr">
          <td class="v-data-table__td v-data-table-column--align-start">Asset 3 (A3)</td>
          <td class="v-data-table__td v-data-table-column--align-end" style="width: 90px; max-width: 130px;">$ 300</td>
          <td class="v-data-table__td v-data-table-column--align-end" style="width: 90px; max-width: 120px;">
            <div><span class="me-n1">25%</span>
              <!--v-if-->
              <div color="success" icon="mdi-triangle-small-up"></div>
            </div>
          </td>
        </tr>
        <!---->
        <tr class="v-data-table__tr">
          <td class="v-data-table__td v-data-table-column--align-start">Asset 4 (A4)</td>
          <td class="v-data-table__td v-data-table-column--align-end" style="width: 90px; max-width: 130px;">$ 400</td>
          <td class="v-data-table__td v-data-table-column--align-end" style="width: 90px; max-width: 120px;">
            <div><span class="me-n1">25%</span>
              <!--v-if-->
              <div color="success" icon="mdi-triangle-small-up"></div>
            </div>
          </td>
        </tr>
        <!---->
        <tr class="v-data-table__tr">
          <td class="v-data-table__td v-data-table-column--align-start">Asset 5 (A5)</td>
          <td class="v-data-table__td v-data-table-column--align-end" style="width: 90px; max-width: 130px;">$ 500</td>
          <td class="v-data-table__td v-data-table-column--align-end" style="width: 90px; max-width: 120px;">
            <div><span class="me-n1">25%</span>
              <!--v-if-->
              <div color="success" icon="mdi-triangle-small-up"></div>
            </div>
          </td>
        </tr>
        <!---->
        <!---->
      </tbody>
      <!---->
      <!---->
    </table>
  </div>
  <v-divider-stub inset="false" vertical="false"></v-divider-stub>
  <div class="v-data-table-footer">
    <!---->
    <div class="v-data-table-footer__items-per-page"><span>Items per page:</span>
      <div class="v-input v-input--horizontal v-input--center-affix v-input--density-compact v-theme--light v-locale--is-ltr v-input--dirty v-text-field v-select v-select--single v-select--selected">
        <!---->
        <div class="v-input__control">
          <div class="v-field v-field--active v-field--appended v-field--center-affix v-field--dirty v-field--no-label v-field--variant-outlined v-theme--light v-locale--is-ltr" role="combobox">
            <div class="v-field__overlay"></div>
            <div class="v-field__loader">
              <div class="v-progress-linear v-theme--light v-locale--is-ltr" style="top: 0px; height: 0px; --v-progress-linear-height: 2px;" role="progressbar" aria-hidden="true" aria-valuemin="0" aria-valuemax="100">
                <!---->
                <div class="v-progress-linear__background"></div>
                <div class="v-progress-linear__buffer" style="width: 0%;"></div>
                <transition-stub name="fade-transition" appear="false" persisted="false" css="true">
                  <div class="v-progress-linear__indeterminate">
                    <div class="v-progress-linear__indeterminate long"></div>
                    <div class="v-progress-linear__indeterminate short"></div>
                  </div>
                </transition-stub>
                <!---->
              </div>
            </div>
            <!---->
            <div class="v-field__field" data-no-activator="">
              <!----><label class="v-label v-field-label" for="input-0">
                <!---->
                <!---->
              </label>
              <!---->
              <div class="v-field__input" data-no-activator="">
                <!---->
                <!---->
                <div class="v-select__selection"><span class="v-select__selection-text">10<!----></span></div><input size="1" type="text" id="input-0" aria-describedby="input-0-messages" inputmode="none" aria-label="Open" title="Open" value="10">
              </div>
              <!---->
            </div>
            <!---->
            <div class="v-field__append-inner">
              <!---->
              <div class="v-select__menu-icon" icon="$dropdown"></div>
              <!---->
            </div>
            <div class="v-field__outline">
              <div class="v-field__outline__start"></div>
              <!---->
              <div class="v-field__outline__end"></div>
              <!---->
            </div>
          </div>
        </div>
        <!---->
        <!---->
      </div>
    </div>
    <div class="v-data-table-footer__info">
      <div>1-5 of 5</div>
    </div>
    <div class="v-data-table-footer__pagination">
      <div modelvalue="1" density="comfortable" first-aria-label="$vuetify.dataFooter.firstPage" last-aria-label="$vuetify.dataFooter.lastPage" length="1" next-aria-label="$vuetify.dataFooter.nextPage" previous-aria-label="$vuetify.dataFooter.prevPage" rounded="true" show-first-last-page="true" total-visible="0" variant="plain" firsticon="$first" previcon="$prev" nexticon="$next" lasticon="$last"></div>
    </div>
  </div>
</div>"
`;
